../Core/Src/CarlDisplay.c:75:6:CS_HIGH	8	static
../Core/Src/CarlDisplay.c:77:6:CS_LOW	8	static
../Core/Src/CarlDisplay.c:79:6:DC_HIGH	8	static
../Core/Src/CarlDisplay.c:81:6:DC_LOW	8	static
../Core/Src/CarlDisplay.c:83:6:RST_HIGH	8	static
../Core/Src/CarlDisplay.c:85:6:RST_LOW	8	static
../Core/Src/CarlDisplay.c:90:6:DisplayBegin	8	static
../Core/Src/CarlDisplay.c:213:6:writecommand	24	static
../Core/Src/CarlDisplay.c:224:6:writedata	24	static
../Core/Src/CarlDisplay.c:240:6:setAddrWindow	24	static
../Core/Src/CarlDisplay.c:259:6:drawPixel	16	static
../Core/Src/CarlDisplay.c:267:6:DrawRectangle	48	static
../Core/Src/CarlDisplay.c:340:6:DrawVolumebuttonUp	4	static
../Core/Src/CarlDisplay.c:344:6:DrawVolumebuttonDown	4	static
../Core/Src/CarlDisplay.c:349:6:write16BitColor	24	static
../Core/Src/CarlDisplay.c:374:6:DrawImage	32	static
../Core/Src/CarlDisplay.c:403:6:fillRect	24	static
../Core/Src/CarlDisplay.c:431:6:DevicePressed	40	static
../Core/Src/CarlDisplay.c:543:6:buttonPressed	1048	static
../Core/Src/CarlDisplay.c:638:6:ColorToSelectedbutton	40	static
../Core/Src/CarlDisplay.c:695:6:mainscreen	24	static
