../Core/Src/CarlDisplay.c:73:6:CS_HIGH	8	static
../Core/Src/CarlDisplay.c:75:6:CS_LOW	8	static
../Core/Src/CarlDisplay.c:77:6:DC_HIGH	8	static
../Core/Src/CarlDisplay.c:79:6:DC_LOW	8	static
../Core/Src/CarlDisplay.c:81:6:RST_HIGH	8	static
../Core/Src/CarlDisplay.c:83:6:RST_LOW	8	static
../Core/Src/CarlDisplay.c:88:6:DisplayBegin	8	static
../Core/Src/CarlDisplay.c:211:6:writecommand	24	static
../Core/Src/CarlDisplay.c:222:6:writedata	24	static
../Core/Src/CarlDisplay.c:238:6:setAddrWindow	24	static
../Core/Src/CarlDisplay.c:257:6:drawPixel	16	static
../Core/Src/CarlDisplay.c:265:6:DrawRectangle	48	static
../Core/Src/CarlDisplay.c:338:6:DrawVolumebuttonUp	4	static
../Core/Src/CarlDisplay.c:342:6:DrawVolumebuttonDown	4	static
../Core/Src/CarlDisplay.c:347:6:write16BitColor	24	static
../Core/Src/CarlDisplay.c:372:6:DrawImage	32	static
../Core/Src/CarlDisplay.c:401:6:fillRect	24	static
../Core/Src/CarlDisplay.c:429:6:DevicePressed	40	static
../Core/Src/CarlDisplay.c:541:6:ButtonPressed_Dev1	24	static
../Core/Src/CarlDisplay.c:566:6:ButtonPressed_Dev2	24	static
../Core/Src/CarlDisplay.c:591:6:ButtonPressed_Dev3	24	static
../Core/Src/CarlDisplay.c:616:6:ButtonPressed_Dev4	24	static
../Core/Src/CarlDisplay.c:641:6:mainscreen	24	static
