../Core/Src/CarlDisplay.c:72:6:CS_HIGH	8	static
../Core/Src/CarlDisplay.c:74:6:CS_LOW	8	static
../Core/Src/CarlDisplay.c:76:6:DC_HIGH	8	static
../Core/Src/CarlDisplay.c:78:6:DC_LOW	8	static
../Core/Src/CarlDisplay.c:80:6:RST_HIGH	8	static
../Core/Src/CarlDisplay.c:82:6:RST_LOW	8	static
../Core/Src/CarlDisplay.c:86:6:Starting	8	static
../Core/Src/CarlDisplay.c:222:6:DisplayBegin	8	static
../Core/Src/CarlDisplay.c:319:6:writecommand	24	static
../Core/Src/CarlDisplay.c:330:6:writedata	24	static
../Core/Src/CarlDisplay.c:346:6:setAddrWindow	24	static
../Core/Src/CarlDisplay.c:365:6:drawPixel	16	static
../Core/Src/CarlDisplay.c:374:6:write16BitColor	24	static
../Core/Src/CarlDisplay.c:399:6:DrawImage	32	static
../Core/Src/CarlDisplay.c:428:6:fillRect	24	static
../Core/Src/CarlDisplay.c:472:6:lcd_init_command_list	8	static
../Core/Src/CarlDisplay.c:554:6:lcd_write_data	24	static
../Core/Src/CarlDisplay.c:570:6:lcd_write_command	24	static
