../Core/Src/CarlDisplay.c:71:6:CS_HIGH	8	static
../Core/Src/CarlDisplay.c:73:6:CS_LOW	8	static
../Core/Src/CarlDisplay.c:75:6:DC_HIGH	8	static
../Core/Src/CarlDisplay.c:77:6:DC_LOW	8	static
../Core/Src/CarlDisplay.c:79:6:RST_HIGH	8	static
../Core/Src/CarlDisplay.c:81:6:RST_LOW	8	static
../Core/Src/CarlDisplay.c:86:6:DisplayBegin	8	static
../Core/Src/CarlDisplay.c:209:6:writecommand	24	static
../Core/Src/CarlDisplay.c:220:6:writedata	24	static
../Core/Src/CarlDisplay.c:236:6:setAddrWindow	24	static
../Core/Src/CarlDisplay.c:255:6:drawPixel	16	static
../Core/Src/CarlDisplay.c:263:6:DrawRectangle	48	static
../Core/Src/CarlDisplay.c:336:6:DrawVolumebuttonUp	4	static
../Core/Src/CarlDisplay.c:340:6:DrawVolumebuttonDown	4	static
../Core/Src/CarlDisplay.c:345:6:write16BitColor	24	static
../Core/Src/CarlDisplay.c:370:6:DrawImage	32	static
../Core/Src/CarlDisplay.c:399:6:fillRect	24	static
../Core/Src/CarlDisplay.c:425:6:device1screen	32	static
../Core/Src/CarlDisplay.c:456:6:device2screen	32	static
../Core/Src/CarlDisplay.c:487:6:device3screen	32	static
../Core/Src/CarlDisplay.c:518:6:device4screen	32	static
../Core/Src/CarlDisplay.c:549:6:mainscreen	24	static
